###############################################################################
#
# IAR ELF Linker V7.80.1.11864/W32 for ARM                10/Sep/2020  13:07:56
# Copyright 2007-2016 IAR Systems AB.
#
#    Output file  =  C:\NH\ADBL\WFH\IAR_Prac\Test1\Debug\Exe\Test1.out
#    Map file     =  C:\NH\ADBL\WFH\IAR_Prac\Test1\Debug\List\Test1.map
#    Command line =  
#        C:\NH\ADBL\WFH\IAR_Prac\Test1\Debug\Obj\main.o -o
#        C:\NH\ADBL\WFH\IAR_Prac\Test1\Debug\Exe\Test1.out --redirect
#        _Printf=_PrintfFull --redirect _Scanf=_ScanfFull --map
#        C:\NH\ADBL\WFH\IAR_Prac\Test1\Debug\List\Test1.map --config
#        "C:\Program Files (x86)\IAR Systems\Embedded Workbench
#        7.5\arm\CONFIG\generic_cortex.icf" --semihosting --entry
#        __iar_program_start --vfe
#
###############################################################################

*******************************************************************************
*** RUNTIME MODEL ATTRIBUTES
***

CppFlavor       = *
__Heap_Handler  = DLMalloc
__SystemLibrary = DLib


*******************************************************************************
*** PLACEMENT SUMMARY
***

"A0":  place at 0x00000000 { ro section .intvec };
"P1":  place in [from 0x00000000 to 0x0007ffff] { ro };
"P3":  place in [from 0x00000000 to 0x00000000] |
                [from 0x20000000 to 0x2000ffff] {
          rw, block CSTACK, block PROC_STACK, block HEAP };
initialize by copy { rw };

  Section            Kind        Address    Size  Object
  -------            ----        -------    ----  ------
"A0":                                       0x40
  .intvec            ro code  0x00000000    0x40  vector_table_M.o [5]
                            - 0x00000040    0x40

"P1":                                     0x2b84
  .text              ro code  0x00000040   0xfd8  dlmalloc.o [3]
  .text              ro code  0x00001018     0x6  abort.o [3]
  .text              ro code  0x0000101e     0x2  vector_table_M.o [5]
  .text              ro code  0x00001020    0x2c  xgetmemchunk.o [3]
  .text              ro code  0x0000104c    0x14  exit.o [6]
  .text              ro code  0x00001060    0x6c  iarttio.o [6]
  .text              ro code  0x000010cc     0x8  XShttio.o [3]
  .text              ro code  0x000010d4   0xdd2  xprintffull.o [3]
  .text              ro code  0x00001ea8    0x16  strchr.o [5]
  .text              ro code  0x00001ec0    0x36  strlen.o [5]
  .text              ro code  0x00001ef8    0x58  memchr.o [5]
  .text              ro code  0x00001f50    0xee  I64DivMod.o [5]
  .text              ro code  0x00002040    0x76  ABImemcpy_unaligned.o [5]
  .text              ro code  0x000020b6    0x44  xdnorm.o [4]
  .text              ro code  0x000020fc    0x2e  DblCmpLe.o [4]
  .text              ro code  0x0000212c    0x2e  DblCmpGe.o [4]
  .text              ro code  0x0000215c   0x10c  xdscale.o [4]
  .text              ro code  0x00002268    0x58  DblToI32.o [4]
  .text              ro code  0x000022c0    0x30  I32ToDbl.o [4]
  .text              ro code  0x000022f0   0x180  DblSub.o [4]
  .text              ro code  0x00002470   0x1a2  DblMul.o [4]
  .text              ro code  0x00002614   0x256  DblDiv.o [4]
  .text              ro code  0x0000286a     0xe  div.o [3]
  .text              ro code  0x00002878     0x2  I64DivZer.o [5]
  .text              ro code  0x0000287c    0xd4  DblAdd.o [4]
  .text              ro code  0x00002950    0xa8  main.o [1]
  .text              ro code  0x000029f8    0x24  printf.o [3]
  .text              ro code  0x00002a1c    0x40  zero_init3.o [5]
  .text              ro code  0x00002a5c    0x2c  copy_init3.o [5]
  .text              ro code  0x00002a88    0x28  putchar.o [3]
  .text              ro code  0x00002ab0    0x10  write.o [6]
  .text              ro code  0x00002ac0    0x1e  dwrite.o [6]
  .text              ro code  0x00002ade    0x20  iarwstd.o [6]
  .text              ro code  0x00002afe    0x22  iarwrite.o [6]
  .text              ro code  0x00002b20    0x28  data_init.o [5]
  .iar.init_table    const    0x00002b48    0x24  - Linker created -
  .text              ro code  0x00002b6c    0x1a  cmain.o [5]
  .text              ro code  0x00002b86     0x4  low_level_init.o [3]
  .text              ro code  0x00002b8a     0x4  exit.o [3]
  .text              ro code  0x00002b90     0xa  cexit.o [5]
  .text              ro code  0x00002b9a    0x16  xprout.o [3]
  .text              ro code  0x00002bb0     0xc  cstartup_M.o [5]
  .rodata            const    0x00002bbc     0x0  zero_init3.o [5]
  .rodata            const    0x00002bbc     0x0  copy_init3.o [5]
  Initializer bytes  const    0x00002bbc     0x8  <for P3 s0>
                            - 0x00002bc4  0x2b84

"P3", part 1 of 3:                           0x8
  P3 s0                       0x20000000     0x8  <Init block>
    .data            inited   0x20000000     0x8  XShttio.o [3]
                            - 0x20000008     0x8

"P3", part 2 of 3:                         0x1f4
  .bss               zero     0x20000008   0x1d8  dlmalloc.o [3]
  .bss               zero     0x200001e0    0x18  dlmalloc.o [3]
  .bss               zero     0x200001f8     0x4  xgetmemchunk.o [3]
                            - 0x200001fc   0x1f4

"P3", part 3 of 3:                         0xc00
  CSTACK                      0x20000200   0x400  <Block>
    CSTACK           uninit   0x20000200   0x400  <Block tail>
  HEAP                        0x20000600   0x800  <Block>
    HEAP             uninit   0x20000600   0x800  <Block tail>
                            - 0x20000e00   0xc00


*******************************************************************************
*** INIT TABLE
***

          Address     Size
          -------     ----
Zero (__iar_zero_init3)
    1 destination range, total size 0x1f4:
          0x20000008  0x1f4

Copy (__iar_copy_init3)
    1 source range, total size 0x8:
          0x00002bbc    0x8
    1 destination range, total size 0x8:
          0x20000000    0x8



*******************************************************************************
*** MODULE SUMMARY
***

    Module                 ro code  ro data  rw data
    ------                 -------  -------  -------
C:\NH\ADBL\WFH\IAR_Prac\Test1\Debug\Obj: [1]
    main.o                     168
    ------------------------------------------------
    Total:                     168

command line: [2]
    ------------------------------------------------
    Total:

dl7M_tln.a: [3]
    XShttio.o                    8        8        8
    abort.o                      6
    div.o                       14
    dlmalloc.o               4 056               496
    exit.o                       4
    low_level_init.o             4
    printf.o                    36
    putchar.o                   40
    xgetmemchunk.o              44                 4
    xprintffull.o            3 538
    xprout.o                    22
    ------------------------------------------------
    Total:                   7 772        8      508

m7M_tl.a: [4]
    DblAdd.o                   212
    DblCmpGe.o                  46
    DblCmpLe.o                  46
    DblDiv.o                   598
    DblMul.o                   418
    DblSub.o                   384
    DblToI32.o                  88
    I32ToDbl.o                  48
    xdnorm.o                    68
    xdscale.o                  268
    ------------------------------------------------
    Total:                   2 176

rt7M_tl.a: [5]
    ABImemcpy_unaligned.o      118
    I64DivMod.o                238
    I64DivZer.o                  2
    cexit.o                     10
    cmain.o                     26
    copy_init3.o                44
    cstartup_M.o                12
    data_init.o                 40
    memchr.o                    88
    strchr.o                    22
    strlen.o                    54
    vector_table_M.o            66
    zero_init3.o                64
    ------------------------------------------------
    Total:                     784

shb_l.a: [6]
    dwrite.o                    30
    exit.o                      20
    iarttio.o                  108
    iarwrite.o                  34
    iarwstd.o                   32
    write.o                     16
    ------------------------------------------------
    Total:                     240

    Gaps                        20
    Linker created                       36    3 072
----------------------------------------------------
    Grand Total:            11 160       44    3 580


*******************************************************************************
*** ENTRY LIST
***

Entry                      Address   Size  Type      Object
-----                      -------   ----  ----      ------
.iar.init_table$$Base   0x00002b48          --   Gb  - Linker created -
.iar.init_table$$Limit  0x00002b6c          --   Gb  - Linker created -
?main                   0x00002b6d         Code  Gb  cmain.o [5]
CSTACK$$Base            0x20000200          --   Gb  - Linker created -
CSTACK$$Limit           0x20000600          --   Gb  - Linker created -
HEAP$$Base              0x20000600          --   Gb  - Linker created -
HEAP$$Limit             0x20000e00          --   Gb  - Linker created -
LoadInt                 0x0000167b   0x6e  Code  Lc  xprintffull.o [3]
Region$$Table$$Base     0x00002b48          --   Gb  - Linker created -
Region$$Table$$Limit    0x00002b6c          --   Gb  - Linker created -
_GenldFull              0x00001bf5  0x26a  Code  Lc  xprintffull.o [3]
_LdtobFull              0x000017f5  0x3fa  Code  Lc  xprintffull.o [3]
_LitobFull              0x000016e9  0x10a  Code  Lc  xprintffull.o [3]
_PrintfFull             0x000010d5  0x5a0  Code  Gb  xprintffull.o [3]
_Prout                  0x00002b9b   0x16  Code  Gb  xprout.o [3]
_PutcharsFull           0x00001e5f   0x2e  Code  Lc  xprintffull.o [3]
__aeabi_cdcmple         0x000020fd         Code  Gb  DblCmpLe.o [4]
__aeabi_cdrcmple        0x0000212d         Code  Gb  DblCmpGe.o [4]
__aeabi_d2iz            0x00002269         Code  Gb  DblToI32.o [4]
__aeabi_d2uiz           0x00002295         Code  Gb  DblToI32.o [4]
__aeabi_ddiv            0x00002615         Code  Gb  DblDiv.o [4]
__aeabi_dmul            0x00002471         Code  Gb  DblMul.o [4]
__aeabi_dsub            0x000022f1         Code  Gb  DblSub.o [4]
__aeabi_i2d             0x000022c1         Code  Gb  I32ToDbl.o [4]
__aeabi_ldiv0           0x00002879         Code  Gb  I64DivZer.o [5]
__aeabi_ui2d            0x000022d5         Code  Gb  I32ToDbl.o [4]
__aeabi_uldivmod        0x00001f51         Code  Gb  I64DivMod.o [5]
__cmain                 0x00002b6d         Code  Gb  cmain.o [5]
__data_GetMemChunk      0x00001021   0x2c  Code  Gb  xgetmemchunk.o [3]
__data_GetMemChunk::start
                        0x200001f8    0x4  Data  Lc  xgetmemchunk.o [3]
__dwrite                0x00002ac1   0x1e  Code  Gb  dwrite.o [6]
__exit                  0x0000104d   0x14  Code  Gb  exit.o [6]
__iar_Dnorm             0x000020b7   0x44  Code  Gb  xdnorm.o [4]
__iar_Dscale            0x0000215d  0x10c  Code  Gb  xdscale.o [4]
__iar_Memchr            0x00001ef9         Code  Gb  memchr.o [5]
__iar_Strchr            0x00001ea9         Code  Gb  strchr.o [5]
__iar_close_ttio        0x00001061   0x2e  Code  Gb  iarttio.o [6]
__iar_copy_init3        0x00002a5d   0x2c  Code  Gb  copy_init3.o [5]
__iar_d2uiz             0x000022a1         Code  Gb  DblToI32.o [4]
__iar_dadd              0x0000287d         Code  Gb  DblAdd.o [4]
__iar_data_init3        0x00002b21   0x28  Code  Gb  data_init.o [5]
__iar_dlmalloc          0x00000d5d  0x2aa  Code  Gb  dlmalloc.o [3]
__iar_dsub              0x00002305         Code  Gb  DblSub.o [4]
__iar_dsubStart         0x00002317         Code  Gb  DblSub.o [4]
__iar_get_ttio          0x00001091   0x38  Code  Gb  iarttio.o [6]
__iar_lookup_ttioh      0x000010cd    0x8  Code  Gb  XShttio.o [3]
__iar_program_start     0x00002bb1         Code  Gb  cstartup_M.o [5]
__iar_sh_stdout         0x00002adf   0x20  Code  Gb  iarwstd.o [6]
__iar_sh_write          0x00002aff   0x22  Code  Gb  iarwrite.o [6]
__iar_ttio_handles      0x20000000    0x8  Data  Lc  XShttio.o [3]
__iar_ui2d              0x000022d9         Code  Gb  I32ToDbl.o [4]
__iar_unaligned___aeabi_memcpy
                        0x00002041         Code  Gb  ABImemcpy_unaligned.o [5]
__iar_unaligned___aeabi_memcpy4
                        0x00002061         Code  Gb  ABImemcpy_unaligned.o [5]
__iar_unaligned___aeabi_memcpy8
                        0x00002061         Code  Gb  ABImemcpy_unaligned.o [5]
__iar_zero_init3        0x00002a1d   0x40  Code  Gb  zero_init3.o [5]
__low_level_init        0x00002b87    0x4  Code  Gb  low_level_init.o [3]
__vector_table          0x00000000         Data  Gb  vector_table_M.o [5]
__write                 0x00002ab1   0x10  Code  Gb  write.o [6]
_call_main              0x00002b79         Code  Gb  cmain.o [5]
_exit                   0x00002b91         Code  Gb  cexit.o [5]
_gm_                    0x20000008  0x1d8  Data  Lc  dlmalloc.o [3]
_main                   0x00002b83         Code  Gb  cmain.o [5]
abort                   0x00001019    0x6  Code  Gb  abort.o [3]
atbegining              0x00002989   0x16  Code  Gb  main.o [1]
atend                   0x0000299f   0x22  Code  Gb  main.o [1]
display                 0x000029c1   0x1c  Code  Gb  main.o [1]
div                     0x0000286b    0xe  Code  Gb  div.o [3]
exit                    0x00002b8b    0x4  Code  Gb  exit.o [3]
init_mparams            0x0000005d   0x32  Code  Lc  dlmalloc.o [3]
init_top                0x0000008f   0x34  Code  Lc  dlmalloc.o [3]
main                    0x00002951   0x38  Code  Gb  main.o [1]
memchr                  0x00001ef9         Code  Gb  memchr.o [5]
mparams                 0x200001e0   0x18  Data  Lc  dlmalloc.o [3]
prepend_alloc           0x000000c3  0x372  Code  Lc  dlmalloc.o [3]
printf                  0x000029f9   0x24  Code  Gb  printf.o [3]
putchar                 0x00002a89   0x28  Code  Gb  putchar.o [3]
reverse                 0x000029e5   0x14  Code  Gb  main.o [1]
segment_holding         0x00000041   0x1c  Code  Lc  dlmalloc.o [3]
strchr                  0x00001ea9         Code  Gb  strchr.o [5]
strlen                  0x00001ec1         Code  Gb  strlen.o [5]
sys_alloc               0x00000435  0x388  Code  Lc  dlmalloc.o [3]
tmalloc_large           0x000007c9  0x380  Code  Lc  dlmalloc.o [3]
tmalloc_small           0x00000b49  0x206  Code  Lc  dlmalloc.o [3]


[1] = C:\NH\ADBL\WFH\IAR_Prac\Test1\Debug\Obj
[2] = command line
[3] = dl7M_tln.a
[4] = m7M_tl.a
[5] = rt7M_tl.a
[6] = shb_l.a

  11 160 bytes of readonly  code memory
      44 bytes of readonly  data memory
   3 580 bytes of readwrite data memory

Errors: none
Warnings: none
